.next/types/validator.ts(233,39): error TS2307: Cannot find module '../../src/app/(client)/page.js' or its corresponding type declarations.
.next/types/validator.ts(435,39): error TS2307: Cannot find module '../../src/app/(client)/layout.js' or its corresponding type declarations.
